﻿
> vite-react-typescript-starter@0.0.0 build C:\Users\jhmuk\OneDrive\Desktop\OFFICE\BOSCH_07-march-2026\Bosch-flow
> vite build

[36mvite v5.4.21 [32mbuilding for production...[36m[39m
transforming...
[32mΓ£ô[39m 31 modules transformed.
node.exe : [31mx[39m Build failed 
in 1.03s
At C:\Users\jhmuk\AppData\Roaming\npm\
pnpm.ps1:24 char:5
+     & "node$exe"  "$basedir/node_mod
ules/pnpm/bin/pnpm.cjs" $args
+     ~~~~~~~~~~~~~~~~~~~~~~~~~~~~~~~~
~~~~~~~~~~~~~~~~~~~~~~~~~~~~~
    + CategoryInfo          : NotSpec 
   ified: ([31mx[39m Build failed   
  in 1.03s:String) [], RemoteExcept   
 ion
    + FullyQualifiedErrorId : NativeC 
   ommandError
 
[31merror during build:
[31m[vite:css] [postcss] C:/Users/jhm
uk/OneDrive/Desktop/OFFICE/BOSCH_07-ma
rch-2026/Bosch-flow/src/index.css:3:1:
 The `outline-ring/50` class does not 
exist. If `outline-ring/50` is a 
custom class, make sure it is defined 
within a `@layer` directive.[31m
file: [36mC:/Users/jhmuk/OneDrive/Des
ktop/OFFICE/BOSCH_07-march-2026/Bosch-
flow/src/index.css:3:0[31m
    at Input.error (C:\Users\jhmuk\One
Drive\Desktop\OFFICE\BOSCH_07-march-20
26\Bosch-flow\node_modules\.pnpm\postc
ss@8.5.8\node_modules\postcss\lib\inpu
t.js:135:16)
    at AtRule.error (C:\Users\jhmuk\On
eDrive\Desktop\OFFICE\BOSCH_07-march-2
026\Bosch-flow\node_modules\.pnpm\post
css@8.5.8\node_modules\postcss\lib\nod
e.js:146:32)
    at processApply (C:\Users\jhmuk\On
eDrive\Desktop\OFFICE\BOSCH_07-march-2
026\Bosch-flow\node_modules\.pnpm\tail
windcss@3.4.19\node_modules\tailwindcs
s\lib\lib\expandApplyAtRules.js:380:29
)
    at C:\Users\jhmuk\OneDrive\Desktop
\OFFICE\BOSCH_07-march-2026\Bosch-flow
\node_modules\.pnpm\tailwindcss@3.4.19
\node_modules\tailwindcss\lib\lib\expa
ndApplyAtRules.js:551:9
    at C:\Users\jhmuk\OneDrive\Desktop
\OFFICE\BOSCH_07-march-2026\Bosch-flow
\node_modules\.pnpm\tailwindcss@3.4.19
\node_modules\tailwindcss\lib\processT
ailwindFeatures.js:55:50
    at async plugins (C:\Users\jhmuk\O
neDrive\Desktop\OFFICE\BOSCH_07-march-
2026\Bosch-flow\node_modules\.pnpm\tai
lwindcss@3.4.19\node_modules\tailwindc
ss\lib\plugin.js:38:17)
    at async LazyResult.runAsync (C:\U
sers\jhmuk\OneDrive\Desktop\OFFICE\BOS
CH_07-march-2026\Bosch-flow\node_modul
es\.pnpm\postcss@8.5.8\node_modules\po
stcss\lib\lazy-result.js:293:11)
    at async compileCSS (file:///C:/Us
ers/jhmuk/OneDrive/Desktop/OFFICE/BOSC
H_07-march-2026/Bosch-flow/node_module
s/.pnpm/vite@5.4.21_@types+node@25.3.5
/node_modules/vite/dist/node/chunks/de
p-BK3b2jBa.js:36898:21)
    at async Object.transform (file://
/C:/Users/jhmuk/OneDrive/Desktop/OFFIC
E/BOSCH_07-march-2026/Bosch-flow/node_
modules/.pnpm/vite@5.4.21_@types+node@
25.3.5/node_modules/vite/dist/node/chu
nks/dep-BK3b2jBa.js:36171:11)
    at async transform (file:///C:/Use
rs/jhmuk/OneDrive/Desktop/OFFICE/BOSCH
_07-march-2026/Bosch-flow/node_modules
/.pnpm/rollup@4.59.0/node_modules/roll
up/dist/es/shared/node-entry.js:21269:
16)[39m
ΓÇëELIFECYCLEΓÇë Command failed with exit code 1.
